2026-09-01T11:48:55.762Z | harga batu kali per kubik | harga-batu-kali-per-kubik | /images/batu/batu-kali-pondasi-21.png
2026-09-01T11:48:55.762Z | harga batu pondasi per kubik | harga-batu-pondasi-per-kubik | /images/batu/batu-kali-pondasi-06.png
2026-09-01T11:48:55.762Z | harga batako putih | harga-batako-putih | /images/blog/harga-batako-putih.jpg
2026-09-02T11:16:56.980Z | jual pasir tangerang | jual-pasir-tangerang | /images/blog/jual-pasir-tangerang.jpg
2026-09-02T11:16:56.980Z | harga sirtu per kubik | harga-sirtu-per-kubik | /images/blog/harga-sirtu-per-kubik.jpg
2026-09-02T11:16:56.980Z | harga batu belah per kubik | harga-batu-belah-per-kubik | /images/blog/harga-batu-belah-per-kubik.jpg
2026-09-03T10:29:44.385Z | toko material terdekat | toko-material-terdekat | /images/blog/toko-material-terdekat.jpg
2026-09-03T10:29:44.385Z | harga hebel 7 cm per biji | harga-hebel-7-cm-per-biji | /images/blog/harga-hebel-7-cm-per-biji.jpg
2026-09-03T10:29:44.385Z | harga hebel 7 cm | harga-hebel-7-cm | /images/blog/harga-hebel-7-cm.jpg
2026-09-04T10:23:57.007Z | harga brangkal 1 truk | harga-brangkal-1-truk | /images/blog/harga-brangkal-1-truk.jpg
2026-09-04T10:23:57.007Z | cimangkok daerah mana | cimangkok-daerah-mana | /images/blog/cimangkok-daerah-mana.jpg
2026-09-04T10:23:57.007Z | pasir bangka coklat | pasir-bangka-coklat | /images/blog/pasir-bangka-coklat.jpg
2026-09-05T09:44:50.929Z | harga batako per biji 2026 | harga-batako-per-biji-2026 | /images/blog/harga-batako-per-biji-2026.jpg
2026-09-05T09:44:50.929Z | tanah urugan terdekat | tanah-urugan-terdekat | /images/jasa-urug/jasa-pengurugan-tanah-1.png
2026-09-05T09:44:50.929Z | harga hebel satuan ukuran 7 cm | harga-hebel-satuan-ukuran-7-cm | /images/blog/harga-hebel-satuan-ukuran-7-cm.jpg
2026-09-06T10:00:36.532Z | harga pasir pantai per kubik | harga-pasir-pantai-per-kubik | /images/blog/harga-pasir-pantai-per-kubik.jpg
2026-09-06T10:00:36.532Z | harga pasir jebrod 1 truk | harga-pasir-jebrod-1-truk | /images/blog/harga-pasir-jebrod-1-truk.jpg
2026-09-06T10:00:36.532Z | harga pasir 1 truk di kuningan jawa barat | harga-pasir-1-truk-di-kuningan-jawa-barat | /images/blog/harga-pasir-jebrod-1-truk.jpg
2026-09-07T11:11:22.340Z | harga hebel 7 cm per biji | harga-hebel-7-cm-per-biji | /images/blog/harga-hebel-7-cm-per-biji.jpg
2026-09-07T11:11:22.340Z | cimangkok daerah mana | cimangkok-daerah-mana | /images/blog/cimangkok-daerah-mana.jpg
2026-09-07T11:11:22.340Z | harga hebel satuan ukuran 7 cm | harga-hebel-satuan-ukuran-7-cm | /images/blog/harga-hebel-satuan-ukuran-7-cm.jpg
2026-09-08T10:22:45.249Z | harga hebel 7 cm per kubik | harga-hebel-7-cm-per-kubik | /images/blog/harga-hebel-7-cm-per-kubik.jpg
2026-09-08T10:22:45.249Z | harga batu buat pondasi rumah | harga-batu-buat-pondasi-rumah | /images/batu/batu-kali-pondasi-16.png
2026-09-08T10:22:45.249Z | ukuran batu split 2/ 3 | ukuran-batu-split-2-3 | /images/batu/batu-split-cor-koral-23.png
2026-09-09T10:31:19.147Z | harga brangkal per kubik | harga-brangkal-per-kubik | /images/blog/harga-brangkal-per-kubik.jpg
2026-09-09T10:31:19.147Z | pasir cimangkok sukabumi | pasir-cimangkok-sukabumi | /images/blog/pasir-cimangkok-sukabumi.jpg
2026-09-09T10:31:19.147Z | harga pasir cimangkok 1 kubik | harga-pasir-cimangkok-1-kubik | /images/blog/harga-pasir-pantai-per-kubik.jpg
2026-09-10T10:21:10.594Z | harga besi 10 di padang | harga-besi-10-di-padang | /images/blog/harga-besi-10-di-padang.jpg
2026-09-10T10:21:10.594Z | kusen aluminium karawang | kusen-aluminium-karawang | /images/blog/kusen-aluminium-karawang.jpg
2026-09-10T10:21:10.594Z | harga pasir cimangkok 1 truk | harga-pasir-cimangkok-1-truk | /images/blog/harga-pasir-jebrod-1-truk.jpg
2026-09-11T10:20:42.968Z | harga sirdam per m3 | harga-sirdam-per-m3 | /images/blog/harga-sirdam-per-m3.jpg
2026-09-11T10:20:42.968Z | pasir jebrod cianjur | pasir-jebrod-cianjur | /images/blog/harga-pasir-jebrod-1-truk.jpg
2026-09-11T10:20:42.968Z | harga material bangunan 2026 jakarta | harga-material-bangunan-2026-jakarta | /images/blog/harga-material-bangunan-2026-jakarta.jpg
2026-09-12T09:53:14.206Z | harga batako press | harga-batako-press | /images/bata/batako-hitam-press-28.png
2026-09-12T09:53:14.206Z | harga pasir laut per m3 | harga-pasir-laut-per-m3 | /images/blog/harga-pasir-laut-per-m3.jpg
2026-09-12T09:53:14.206Z | harga beton b0 per m3 | harga-beton-b0-per-m3 | /images/blog/harga-beton-b0-per-m3.jpg
