SUCCESS,/baja-ringan/harga-pasang-atap-baja-ringan-di-abadijaya-depok/,"revised"
SUCCESS,/baja-ringan/harga-pasang-atap-baja-ringan-di-ancol-jakarta/,"revised"
SUCCESS,/baja-ringan/harga-pasang-atap-baja-ringan-di-angke-jakarta/,"revised"
FAILED,/baja-ringan/harga-pasang-atap-baja-ringan-di-anyar-serang/,"Revised content too short (7937 vs original 9989 characters)"
FAILED,/baja-ringan/harga-pasang-atap-baja-ringan-di-babakan-bogor/,"Revised content too short (6644 vs original 9925 characters)"
SUCCESS,/baja-ringan/harga-pasang-atap-baja-ringan-di-babakan-pasar-bogor/,"revised"
FAILED,/baja-ringan/harga-pasang-atap-baja-ringan-di-babelan-bekasi/,"Placeholder 1 appears 2x in AI output (should appear exactly 1x)"
SUCCESS,/baja-ringan/harga-pasang-atap-baja-ringan-di-baktijaya-depok/,"revised"
SUCCESS,/baja-ringan/harga-pasang-atap-baja-ringan-di-balaraja-tangerang/,"revised"
FAILED,/baja-ringan/harga-pasang-atap-baja-ringan-di-bale-kambang-jakarta/,"Placeholder 0 appears 2x in AI output (should appear exactly 1x)"
FAILED,/baja-ringan/harga-pasang-atap-baja-ringan-di-bambu-apus-jakarta/,"Revised content too short (7724 vs original 10022 characters)"
SUCCESS,/baja-ringan/harga-pasang-atap-baja-ringan-di-bangka-jakarta/,"revised"
SUCCESS,/baja-ringan/harga-pasang-atap-baja-ringan-di-banyusari-karawang/,"revised"
SUCCESS,/baja-ringan/harga-pasang-atap-baja-ringan-di-baros-serang/,"revised"
SUCCESS,/baja-ringan/harga-pasang-atap-baja-ringan-di-baru-jakarta/,"revised"
SUCCESS,/baja-ringan/harga-pasang-atap-baja-ringan-di-batu-ampar-jakarta/,"revised"
FAILED,/baja-ringan/harga-pasang-atap-baja-ringan-di-batujaya-karawang/,"Revised content too short (6903 vs original 10181 characters)"
FAILED,/baja-ringan/harga-pasang-atap-baja-ringan-di-bayah-rangkasbitung/,"Revised content too short (7718 vs original 9855 characters)"
SUCCESS,/baja-ringan/harga-pasang-atap-baja-ringan-di-bedahan-depok/,"revised"
FAILED,/baja-ringan/harga-pasang-atap-baja-ringan-di-beji-depok/,"Revised content too short (7592 vs original 9896 characters)"
FAILED,/baja-ringan/harga-pasang-atap-baja-ringan-di-anyar-serang/,"Revised content too short (6993 vs original 9989 characters)"
FAILED,/baja-ringan/harga-pasang-atap-baja-ringan-di-babakan-bogor/,"Revised content too short (5626 vs original 9925 characters)"
FAILED,/baja-ringan/harga-pasang-atap-baja-ringan-di-babelan-bekasi/,"Revised content too short (7753 vs original 10132 characters)"
SUCCESS,/baja-ringan/harga-pasang-atap-baja-ringan-di-bale-kambang-jakarta/,"revised"
SUCCESS,/baja-ringan/harga-pasang-atap-baja-ringan-di-bambu-apus-jakarta/,"revised"
FAILED,/baja-ringan/harga-pasang-atap-baja-ringan-di-batujaya-karawang/,"Revised content too short (7045 vs original 10181 characters)"
SUCCESS,/baja-ringan/harga-pasang-atap-baja-ringan-di-bayah-rangkasbitung/,"revised"
FAILED,/baja-ringan/harga-pasang-atap-baja-ringan-di-beji-depok/,"Revised content too short (7610 vs original 9896 characters)"
FAILED,/baja-ringan/harga-pasang-atap-baja-ringan-di-bekasi-barat/,"Revised content too short (7380 vs original 9819 characters)"
FAILED,/baja-ringan/harga-pasang-atap-baja-ringan-di-bekasi-selatan/,"Revised content too short (7978 vs original 10159 characters)"
SUCCESS,/baja-ringan/harga-pasang-atap-baja-ringan-di-bekasi-timur/,"revised"
SUCCESS,/baja-ringan/harga-pasang-atap-baja-ringan-di-bekasi-utara/,"revised"
SUCCESS,/baja-ringan/harga-pasang-atap-baja-ringan-di-benda-tangerang/,"revised"
FAILED,/baja-ringan/harga-pasang-atap-baja-ringan-di-bintaro-jakarta/,"Revised content too short (7784 vs original 9821 characters)"
FAILED,/baja-ringan/harga-pasang-atap-baja-ringan-di-binuang-serang/,"Revised content too short (7856 vs original 9836 characters)"
SUCCESS,/baja-ringan/harga-pasang-atap-baja-ringan-di-bubulak-bogor/,"revised"
FAILED,/baja-ringan/harga-pasang-atap-baja-ringan-di-bukit-duri-jakarta/,"Revised content too short (7940 vs original 10053 characters)"
SUCCESS,/baja-ringan/harga-pasang-atap-baja-ringan-di-bungur-jakarta/,"revised"
FAILED,/baja-ringan/harga-pasang-atap-baja-ringan-di-bungursari-purwakarta/,"Revised content too short (7637 vs original 10004 characters)"
SUCCESS,/baja-ringan/harga-pasang-atap-baja-ringan-di-cakung-barat-jakarta/,"revised"
SUCCESS,/baja-ringan/harga-pasang-atap-baja-ringan-di-beji-depok/,"revised"
FAILED,/baja-ringan/harga-pasang-atap-baja-ringan-di-bekasi-barat/,"Revised content too short (7144 vs original 9819 characters)"
FAILED,/baja-ringan/harga-pasang-atap-baja-ringan-di-bekasi-selatan/,"Revised content too short (7937 vs original 10159 characters)"
SUCCESS,/baja-ringan/harga-pasang-atap-baja-ringan-di-bintaro-jakarta/,"revised"
FAILED,/baja-ringan/harga-pasang-atap-baja-ringan-di-binuang-serang/,"Revised content too short (7581 vs original 9836 characters)"
FAILED,/baja-ringan/harga-pasang-atap-baja-ringan-di-bukit-duri-jakarta/,"Revised content too short (7985 vs original 10053 characters)"
FAILED,/baja-ringan/harga-pasang-atap-baja-ringan-di-bungursari-purwakarta/,"Revised content too short (7962 vs original 10004 characters)"
SUCCESS,/baja-ringan/harga-pasang-atap-baja-ringan-di-cakung-jakarta/,"revised"
SUCCESS,/baja-ringan/harga-pasang-atap-baja-ringan-di-cakung-timur-jakarta/,"revised"
FAILED,/baja-ringan/harga-pasang-atap-baja-ringan-di-campaka-purwakarta/,"Revised content too short (8068 vs original 10087 characters)"
FAILED,/baja-ringan/harga-pasang-atap-baja-ringan-di-carenang-serang/,"Placeholder 0 appears 2x in AI output (should appear exactly 1x) | Placeholder 1 appears 2x in AI output (should appear exactly 1x) | Placeholder 2 appears 2x in AI output (should appear exactly 1x)"
SUCCESS,/baja-ringan/harga-pasang-atap-baja-ringan-di-cawang-jakarta/,"revised"
FAILED,/baja-ringan/harga-pasang-atap-baja-ringan-di-ceger-jakarta/,"Revised content too short (7604 vs original 10128 characters)"
FAILED,/baja-ringan/harga-pasang-atap-baja-ringan-di-cempaka-baru-jakarta/,"Placeholder 0 appears 2x in AI output (should appear exactly 1x)"
SUCCESS,/baja-ringan/harga-pasang-atap-baja-ringan-di-cempaka-jakarta/,"revised"
FAILED,/baja-ringan/harga-pasang-atap-baja-ringan-di-cengkareng-barat-jakarta/,"Revised content too short (7408 vs original 10211 characters)"
SUCCESS,/baja-ringan/harga-pasang-atap-baja-ringan-di-cengkareng-jakarta/,"revised"
SUCCESS,/baja-ringan/harga-pasang-atap-baja-ringan-di-cengkareng-timur-jakarta/,"revised"
SUCCESS,/baja-ringan/harga-pasang-atap-baja-ringan-di-ciambar-sukabumi/,"revised"
FAILED,/baja-ringan/harga-pasang-atap-baja-ringan-di-ciampel-karawang/,"Revised content too short (7072 vs original 10000 characters)"
SUCCESS,/baja-ringan/harga-pasang-atap-baja-ringan-di-campaka-purwakarta/,"revised"
SUCCESS,/baja-ringan/harga-pasang-atap-baja-ringan-di-carenang-serang/,"revised"
SUCCESS,/baja-ringan/harga-pasang-atap-baja-ringan-di-ceger-jakarta/,"revised"
FAILED,/baja-ringan/harga-pasang-atap-baja-ringan-di-cempaka-baru-jakarta/,"Revised content too short (7247 vs original 9974 characters)"
SUCCESS,/baja-ringan/harga-pasang-atap-baja-ringan-di-cengkareng-barat-jakarta/,"revised"
SUCCESS,/baja-ringan/harga-pasang-atap-baja-ringan-di-ciampel-karawang/,"revised"
SUCCESS,/baja-ringan/harga-pasang-atap-baja-ringan-di-cibadak-bogor/,"revised"
SUCCESS,/baja-ringan/harga-pasang-atap-baja-ringan-di-cibadak-rangkasbitung/,"revised"
SUCCESS,/baja-ringan/harga-pasang-atap-baja-ringan-di-cibadak-sukabumi/,"revised"
FAILED,/baja-ringan/harga-pasang-atap-baja-ringan-di-cibeber-rangkasbitung/,"Revised content too short (7336 vs original 10219 characters)"
FAILED,/baja-ringan/harga-pasang-atap-baja-ringan-di-cibitung-bekasi/,"Revised content too short (7571 vs original 10066 characters)"
SUCCESS,/baja-ringan/harga-pasang-atap-baja-ringan-di-cibitung-sukabumi/,"revised"
SUCCESS,/baja-ringan/harga-pasang-atap-baja-ringan-di-cibodas-tangerang/,"revised"
FAILED,/baja-ringan/harga-pasang-atap-baja-ringan-di-cibogor-bogor/,"Revised content too short (7845 vs original 10140 characters)"
FAILED,/baja-ringan/harga-pasang-atap-baja-ringan-di-cibuaya-karawang/,"Revised content too short (7968 vs original 10003 characters)"
SUCCESS,/baja-ringan/harga-pasang-atap-baja-ringan-di-cibubur-jakarta/,"revised"
FAILED,/baja-ringan/harga-pasang-atap-baja-ringan-di-cibuluh-bogor/,"Revised content too short (7722 vs original 10177 characters)"
FAILED,/baja-ringan/harga-pasang-atap-baja-ringan-di-cicurug-sukabumi/,"Revised content too short (7307 vs original 10012 characters)"
FAILED,/baja-ringan/harga-pasang-atap-baja-ringan-di-cidadap-sukabumi/,"Revised content too short (7952 vs original 9985 characters)"
SUCCESS,/baja-ringan/harga-pasang-atap-baja-ringan-di-cidahu-sukabumi/,"revised"
SUCCESS,/baja-ringan/harga-pasang-atap-baja-ringan-di-cibeber-rangkasbitung/,"revised"
FAILED,/baja-ringan/harga-pasang-atap-baja-ringan-di-cibitung-bekasi/,"Revised content too short (7838 vs original 10066 characters)"
SUCCESS,/baja-ringan/harga-pasang-atap-baja-ringan-di-cibogor-bogor/,"revised"
SUCCESS,/baja-ringan/harga-pasang-atap-baja-ringan-di-cibuaya-karawang/,"revised"
SUCCESS,/baja-ringan/harga-pasang-atap-baja-ringan-di-cibuluh-bogor/,"revised"
FAILED,/baja-ringan/harga-pasang-atap-baja-ringan-di-cicurug-sukabumi/,"Revised content too short (7030 vs original 10012 characters)"
SUCCESS,/baja-ringan/harga-pasang-atap-baja-ringan-di-cidadap-sukabumi/,"revised"
FAILED,/baja-ringan/harga-pasang-atap-baja-ringan-di-cideng-jakarta/,"Revised content too short (7738 vs original 10020 characters)"
FAILED,/baja-ringan/harga-pasang-atap-baja-ringan-di-cidolog-sukabumi/,"Revised content too short (7673 vs original 9970 characters)"
SUCCESS,/baja-ringan/harga-pasang-atap-baja-ringan-di-ciganjur-jakarta/,"revised"
SUCCESS,/baja-ringan/harga-pasang-atap-baja-ringan-di-cigemblong-rangkasbitung/,"revised"
SUCCESS,/baja-ringan/harga-pasang-atap-baja-ringan-di-cihara-rangkasbitung/,"revised"
SUCCESS,/baja-ringan/harga-pasang-atap-baja-ringan-di-cijaku-rangkasbitung/,"revised"
FAILED,/baja-ringan/harga-pasang-atap-baja-ringan-di-cijantung-jakarta/,"Revised content too short (7509 vs original 10176 characters)"
FAILED,/baja-ringan/harga-pasang-atap-baja-ringan-di-cikampek-karawang/,"Revised content too short (7350 vs original 9844 characters)"
SUCCESS,/baja-ringan/harga-pasang-atap-baja-ringan-di-cikande-serang/,"revised"
SUCCESS,/baja-ringan/harga-pasang-atap-baja-ringan-di-cikarang-bekasi/,"revised"
SUCCESS,/baja-ringan/harga-pasang-atap-baja-ringan-di-cikembar-sukabumi/,"revised"
FAILED,/baja-ringan/harga-pasang-atap-baja-ringan-di-cikeusal-serang/,"Revised content too short (7817 vs original 10002 characters)"
FAILED,/baja-ringan/harga-pasang-atap-baja-ringan-di-cikidang-sukabumi/,"Revised content too short (6820 vs original 10018 characters)"
SUCCESS,/baja-ringan/harga-pasang-atap-baja-ringan-di-cideng-jakarta/,"revised"
FAILED,/baja-ringan/harga-pasang-atap-baja-ringan-di-cidolog-sukabumi/,"Revised content too short (7314 vs original 9970 characters)"
SUCCESS,/baja-ringan/harga-pasang-atap-baja-ringan-di-cijantung-jakarta/,"revised"
SUCCESS,/baja-ringan/harga-pasang-atap-baja-ringan-di-cikampek-karawang/,"revised"
FAILED,/baja-ringan/harga-pasang-atap-baja-ringan-di-cikeusal-serang/,"Revised content too short (6577 vs original 10002 characters)"
FAILED,/baja-ringan/harga-pasang-atap-baja-ringan-di-cikidang-sukabumi/,"Revised content too short (7243 vs original 10018 characters)"
FAILED,/baja-ringan/harga-pasang-atap-baja-ringan-di-cikini-jakarta/,"Revised content too short (7634 vs original 9816 characters)"
FAILED,/baja-ringan/harga-pasang-atap-baja-ringan-di-cikoko-jakarta/,"Revised content too short (7814 vs original 9770 characters)"
FAILED,/baja-ringan/harga-pasang-atap-baja-ringan-di-cikulur-rangkasbitung/,"Revised content too short (7781 vs original 10058 characters)"
SUCCESS,/baja-ringan/harga-pasang-atap-baja-ringan-di-cikupa-tangerang/,"revised"
FAILED,/baja-ringan/harga-pasang-atap-baja-ringan-di-cilamaya-kulon-karawang/,"Revised content too short (7497 vs original 10267 characters)"
SUCCESS,/baja-ringan/harga-pasang-atap-baja-ringan-di-cilamaya-wetan-karawang/,"revised"
FAILED,/baja-ringan/harga-pasang-atap-baja-ringan-di-cilandak-barat-jakarta/,"Revised content too short (8122 vs original 10198 characters)"
FAILED,/baja-ringan/harga-pasang-atap-baja-ringan-di-cilandak-jakarta/,"Revised content too short (6498 vs original 9774 characters)"
SUCCESS,/baja-ringan/harga-pasang-atap-baja-ringan-di-cilandak-timur-jakarta/,"revised"
FAILED,/baja-ringan/harga-pasang-atap-baja-ringan-di-cilangkap-depok/,"Revised content too short (7597 vs original 10201 characters)"
SUCCESS,/baja-ringan/harga-pasang-atap-baja-ringan-di-cilangkap-jakarta/,"revised"
SUCCESS,/baja-ringan/harga-pasang-atap-baja-ringan-di-ciledug-tangerang/,"revised"
FAILED,/baja-ringan/harga-pasang-atap-baja-ringan-di-cileles-rangkasbitung/,"Revised content too short (7969 vs original 10277 characters)"
SUCCESS,/baja-ringan/harga-pasang-atap-baja-ringan-di-cilendek-barat-bogor/,"revised"
FAILED,/baja-ringan/harga-pasang-atap-baja-ringan-di-cikeusal-serang/,"Revised content too short (7529 vs original 10002 characters)"
FAILED,/baja-ringan/harga-pasang-atap-baja-ringan-di-cikidang-sukabumi/,"Revised content too short (7665 vs original 10018 characters)"
SUCCESS,/baja-ringan/harga-pasang-atap-baja-ringan-di-cikini-jakarta/,"revised"
FAILED,/baja-ringan/harga-pasang-atap-baja-ringan-di-cikoko-jakarta/,"Revised content too short (6531 vs original 9770 characters)"
FAILED,/baja-ringan/harga-pasang-atap-baja-ringan-di-cikulur-rangkasbitung/,"Revised content too short (7116 vs original 10058 characters)"
FAILED,/baja-ringan/harga-pasang-atap-baja-ringan-di-cilamaya-kulon-karawang/,"Revised content too short (8106 vs original 10267 characters)"
SUCCESS,/baja-ringan/harga-pasang-atap-baja-ringan-di-cilandak-barat-jakarta/,"revised"
SUCCESS,/baja-ringan/harga-pasang-atap-baja-ringan-di-cilandak-jakarta/,"revised"
SUCCESS,/baja-ringan/harga-pasang-atap-baja-ringan-di-cilangkap-depok/,"revised"
FAILED,/baja-ringan/harga-pasang-atap-baja-ringan-di-cileles-rangkasbitung/,"Revised content too short (7411 vs original 10277 characters)"
SUCCESS,/baja-ringan/harga-pasang-atap-baja-ringan-di-cilendek-timur-bogor/,"revised"
SUCCESS,/baja-ringan/harga-pasang-atap-baja-ringan-di-cililitan-jakarta/,"revised"
SUCCESS,/baja-ringan/harga-pasang-atap-baja-ringan-di-cilincing-jakarta/,"revised"
SUCCESS,/baja-ringan/harga-pasang-atap-baja-ringan-di-cilodong-depok/,"revised"
SUCCESS,/baja-ringan/harga-pasang-atap-baja-ringan-di-cilograng-rangkasbitung/,"revised"
SUCCESS,/baja-ringan/harga-pasang-atap-baja-ringan-di-cimahpar-bogor/,"revised"
SUCCESS,/baja-ringan/harga-pasang-atap-baja-ringan-di-cimanggis-depok/,"revised"
SUCCESS,/baja-ringan/harga-pasang-atap-baja-ringan-di-cimanggu-sukabumi/,"revised"
SUCCESS,/baja-ringan/harga-pasang-atap-baja-ringan-di-cimarga-rangkasbitung/,"revised"
FAILED,/baja-ringan/harga-pasang-atap-baja-ringan-di-cimpaeun-depok/,"Revised content too short (7605 vs original 10154 characters)"
FAILED,/baja-ringan/harga-pasang-atap-baja-ringan-di-cimpaeun-depok/,"Revised content too short (7562 vs original 10154 characters)"
SUCCESS,/baja-ringan/harga-pasang-atap-baja-ringan-di-cinangka-depok/,"revised"
SUCCESS,/baja-ringan/harga-pasang-atap-baja-ringan-di-cinangka-serang/,"revised"
SUCCESS,/baja-ringan/harga-pasang-atap-baja-ringan-di-cinere-depok/,"revised"
FAILED,/baja-ringan/harga-pasang-atap-baja-ringan-di-ciomas-serang/,"Revised content too short (7486 vs original 10099 characters)"
SUCCESS,/baja-ringan/harga-pasang-atap-baja-ringan-di-cipaku-bogor/,"revised"
FAILED,/baja-ringan/harga-pasang-atap-baja-ringan-di-cipanas-rangkasbitung/,"Revised content too short (7961 vs original 10182 characters)"
FAILED,/baja-ringan/harga-pasang-atap-baja-ringan-di-ciparigi-bogor/,"Revised content too short (7443 vs original 9998 characters)"
FAILED,/baja-ringan/harga-pasang-atap-baja-ringan-di-cipayung-depok/,"Revised content too short (7960 vs original 10152 characters)"
SUCCESS,/baja-ringan/harga-pasang-atap-baja-ringan-di-cipayung-jakarta/,"revised"
FAILED,/baja-ringan/harga-pasang-atap-baja-ringan-di-cipedak-jakarta/,"Revised content too short (7544 vs original 9969 characters)"
SUCCESS,/baja-ringan/harga-pasang-atap-baja-ringan-di-cipete-selatan-jakarta/,"revised"
FAILED,/baja-ringan/harga-pasang-atap-baja-ringan-di-cipete-utara-jakarta/,"Revised content too short (7955 vs original 10040 characters)"
SUCCESS,/baja-ringan/harga-pasang-atap-baja-ringan-di-cipinang-besar-jakarta/,"revised"
SUCCESS,/baja-ringan/harga-pasang-atap-baja-ringan-di-cipinang-cempedak-jakarta/,"revised"
SUCCESS,/baja-ringan/harga-pasang-atap-baja-ringan-di-cipinang-jakarta/,"revised"
SUCCESS,/baja-ringan/harga-pasang-atap-baja-ringan-di-cipinang-melayu-jakarta/,"revised"
SUCCESS,/baja-ringan/harga-pasang-atap-baja-ringan-di-cipinang-muara-jakarta/,"revised"
FAILED,/baja-ringan/harga-pasang-atap-baja-ringan-di-cipondoh-tangerang/,"Revised content too short (8018 vs original 10265 characters)"
FAILED,/baja-ringan/harga-pasang-atap-baja-ringan-di-cipulir-jakarta/,"Revised content too short (7988 vs original 10037 characters)"
SUCCESS,/baja-ringan/harga-pasang-atap-baja-ringan-di-cimpaeun-depok/,"revised"
FAILED,/baja-ringan/harga-pasang-atap-baja-ringan-di-ciomas-serang/,"Revised content too short (7524 vs original 10099 characters)"
FAILED,/baja-ringan/harga-pasang-atap-baja-ringan-di-cipanas-rangkasbitung/,"Revised content too short (8084 vs original 10182 characters)"
SUCCESS,/baja-ringan/harga-pasang-atap-baja-ringan-di-ciparigi-bogor/,"revised"
FAILED,/baja-ringan/harga-pasang-atap-baja-ringan-di-cipayung-depok/,"Revised content too short (7618 vs original 10152 characters)"
SUCCESS,/baja-ringan/harga-pasang-atap-baja-ringan-di-cipedak-jakarta/,"revised"
FAILED,/baja-ringan/harga-pasang-atap-baja-ringan-di-cipete-utara-jakarta/,"Revised content too short (7725 vs original 10040 characters)"
SUCCESS,/baja-ringan/harga-pasang-atap-baja-ringan-di-cipondoh-tangerang/,"revised"
FAILED,/baja-ringan/harga-pasang-atap-baja-ringan-di-cipulir-jakarta/,"Revised content too short (7329 vs original 10037 characters)"
SUCCESS,/baja-ringan/harga-pasang-atap-baja-ringan-di-ciputat-tangerang/,"revised"
FAILED,/baja-ringan/harga-pasang-atap-baja-ringan-di-ciracas-jakarta/,"Revised content too short (7463 vs original 9964 characters)"
SUCCESS,/baja-ringan/harga-pasang-atap-baja-ringan-di-cirinten-rangkasbitung/,"revised"
SUCCESS,/baja-ringan/harga-pasang-atap-baja-ringan-di-ciruas-serang/,"revised"
SUCCESS,/baja-ringan/harga-pasang-atap-baja-ringan-di-cisaat-sukabumi/,"revised"
FAILED,/baja-ringan/harga-pasang-atap-baja-ringan-di-cisalak-depok/,"Revised content too short (7239 vs original 9962 characters)"
SUCCESS,/baja-ringan/harga-pasang-atap-baja-ringan-di-cisalak-pasar-depok/,"revised"
SUCCESS,/baja-ringan/harga-pasang-atap-baja-ringan-di-cisauk-tangerang/,"revised"
FAILED,/baja-ringan/harga-pasang-atap-baja-ringan-di-cisoka-tangerang/,"Revised content too short (7795 vs original 9810 characters)"
SUCCESS,/baja-ringan/harga-pasang-atap-baja-ringan-di-ciwaringin-bogor/,"revised"
FAILED,/baja-ringan/harga-pasang-atap-baja-ringan-di-curug-bogor/,"Revised content too short (7012 vs original 9975 characters)"
SUCCESS,/baja-ringan/harga-pasang-atap-baja-ringan-di-cipulir-jakarta/,"revised"
SUCCESS,/baja-ringan/harga-pasang-atap-baja-ringan-di-ciracas-jakarta/,"revised"
SUCCESS,/baja-ringan/harga-pasang-atap-baja-ringan-di-cisalak-depok/,"revised"
FAILED,/baja-ringan/harga-pasang-atap-baja-ringan-di-cisoka-tangerang/,"Revised content too short (7522 vs original 9810 characters)"
FAILED,/baja-ringan/harga-pasang-atap-baja-ringan-di-curug-bogor/,"Revised content too short (7295 vs original 9975 characters)"
FAILED,/baja-ringan/harga-pasang-atap-baja-ringan-di-curug-depok/,"Revised content too short (7667 vs original 10185 characters)"
FAILED,/baja-ringan/harga-pasang-atap-baja-ringan-di-curug-mekar-bogor/,"Revised content too short (6956 vs original 10200 characters)"
SUCCESS,/baja-ringan/harga-pasang-atap-baja-ringan-di-curug-serang/,"revised"
FAILED,/baja-ringan/harga-pasang-atap-baja-ringan-di-curug-tangerang/,"Revised content too short (7773 vs original 9822 characters)"
FAILED,/baja-ringan/harga-pasang-atap-baja-ringan-di-curugkembar-sukabumi/,"Placeholder 0 appears 2x in AI output (should appear exactly 1x) | Placeholder 2 appears 2x in AI output (should appear exactly 1x)"
FAILED,/baja-ringan/harga-pasang-atap-baja-ringan-di-dukuh-jakarta/,"Revised content too short (7514 vs original 9839 characters)"
SUCCESS,/baja-ringan/harga-pasang-atap-baja-ringan-di-duren-sawit-jakarta/,"revised"
SUCCESS,/baja-ringan/harga-pasang-atap-baja-ringan-di-duren-tiga-jakarta/,"revised"
SUCCESS,/baja-ringan/harga-pasang-atap-baja-ringan-di-duri-kepa-jakarta/,"revised"
FAILED,/baja-ringan/harga-pasang-atap-baja-ringan-di-duri-kosambi-jakarta/,"Revised content too short (6546 vs original 10238 characters)"
FAILED,/baja-ringan/harga-pasang-atap-baja-ringan-di-duri-selatan-jakarta/,"Revised content too short (7503 vs original 9889 characters)"
SUCCESS,/baja-ringan/harga-pasang-atap-baja-ringan-di-duri-utara-jakarta/,"revised"
FAILED,/baja-ringan/harga-pasang-atap-baja-ringan-di-duripulo-jakarta/,"Revised content too short (7470 vs original 9997 characters)"
FAILED,/baja-ringan/harga-pasang-atap-baja-ringan-di-empang-bogor/,"Revised content too short (5814 vs original 10175 characters)"
SUCCESS,/baja-ringan/harga-pasang-atap-baja-ringan-di-galaxi-jakarta/,"revised"
FAILED,/baja-ringan/harga-pasang-atap-baja-ringan-di-curug-bogor/,"Revised content too short (7600 vs original 9975 characters)"
FAILED,/baja-ringan/harga-pasang-atap-baja-ringan-di-curug-depok/,"Revised content too short (7702 vs original 10185 characters)"
FAILED,/baja-ringan/harga-pasang-atap-baja-ringan-di-curug-mekar-bogor/,"Revised content too short (6070 vs original 10200 characters)"
SUCCESS,/baja-ringan/harga-pasang-atap-baja-ringan-di-curug-tangerang/,"revised"
SUCCESS,/baja-ringan/harga-pasang-atap-baja-ringan-di-curugkembar-sukabumi/,"revised"
FAILED,/baja-ringan/harga-pasang-atap-baja-ringan-di-dukuh-jakarta/,"Revised content too short (7568 vs original 9839 characters)"
SUCCESS,/baja-ringan/harga-pasang-atap-baja-ringan-di-duri-kosambi-jakarta/,"revised"
SUCCESS,/baja-ringan/harga-pasang-atap-baja-ringan-di-duri-selatan-jakarta/,"revised"
SUCCESS,/baja-ringan/harga-pasang-atap-baja-ringan-di-duripulo-jakarta/,"revised"
FAILED,/baja-ringan/harga-pasang-atap-baja-ringan-di-empang-bogor/,"Revised content too short (7612 vs original 10175 characters)"
FAILED,/baja-ringan/harga-pasang-atap-baja-ringan-di-galur-jakarta/,"Revised content too short (7692 vs original 10147 characters)"
FAILED,/baja-ringan/harga-pasang-atap-baja-ringan-di-gambir-jakarta/,"Revised content too short (7726 vs original 9942 characters)"
FAILED,/baja-ringan/harga-pasang-atap-baja-ringan-di-gandaria-selatan-jakarta/,"Revised content too short (6971 vs original 10096 characters)"
FAILED,/baja-ringan/harga-pasang-atap-baja-ringan-di-gandaria-utara-jakarta/,"Revised content too short (7691 vs original 9901 characters)"
SUCCESS,/baja-ringan/harga-pasang-atap-baja-ringan-di-gandul-depok/,"revised"
SUCCESS,/baja-ringan/harga-pasang-atap-baja-ringan-di-gedong-jakarta/,"revised"
SUCCESS,/baja-ringan/harga-pasang-atap-baja-ringan-di-gegerbitung-sukabumi/,"revised"
SUCCESS,/baja-ringan/harga-pasang-atap-baja-ringan-di-gelora-jakarta/,"revised"
SUCCESS,/baja-ringan/harga-pasang-atap-baja-ringan-di-genteng-bogor/,"revised"
SUCCESS,/baja-ringan/harga-pasang-atap-baja-ringan-di-glodok-jakarta/,"revised"
SUCCESS,/baja-ringan/harga-pasang-atap-baja-ringan-di-galur-jakarta/,"revised"
FAILED,/baja-ringan/harga-pasang-atap-baja-ringan-di-gambir-jakarta/,"Revised content too short (7812 vs original 9942 characters)"
FAILED,/baja-ringan/harga-pasang-atap-baja-ringan-di-gandaria-selatan-jakarta/,"Revised content too short (8036 vs original 10096 characters)"
FAILED,/baja-ringan/harga-pasang-atap-baja-ringan-di-gandaria-utara-jakarta/,"Revised content too short (7735 vs original 9901 characters)"
SUCCESS,/baja-ringan/harga-pasang-atap-baja-ringan-di-grogol-depok/,"revised"
FAILED,/baja-ringan/harga-pasang-atap-baja-ringan-di-grogol-jakarta/,"Revised content too short (7676 vs original 9973 characters)"
FAILED,/baja-ringan/harga-pasang-atap-baja-ringan-di-gudang-bogor/,"Revised content too short (7887 vs original 9909 characters)"
SUCCESS,/baja-ringan/harga-pasang-atap-baja-ringan-di-guntur-jakarta/,"revised"
FAILED,/baja-ringan/harga-pasang-atap-baja-ringan-di-gunung-batu-bogor/,"Placeholder 1 appears 2x in AI output (should appear exactly 1x)"
SUCCESS,/baja-ringan/harga-pasang-atap-baja-ringan-di-gunung-jakarta/,"revised"
FAILED,/baja-ringan/harga-pasang-atap-baja-ringan-di-gunung-sahari-jakarta/,"Placeholder 1 appears 2x in AI output (should appear exactly 1x)"
FAILED,/baja-ringan/harga-pasang-atap-baja-ringan-di-gunung-sahari-selatan-jakarta/,"Revised content too short (7779 vs original 10271 characters)"
FAILED,/baja-ringan/harga-pasang-atap-baja-ringan-di-gunungkencana-rangkasbitung/,"Revised content too short (7584 vs original 10335 characters)"
FAILED,/baja-ringan/harga-pasang-atap-baja-ringan-di-harjasari-bogor/,"Revised content too short (7931 vs original 10163 characters)"
SUCCESS,/baja-ringan/harga-pasang-atap-baja-ringan-di-jagakarsa-jakarta/,"revised"
SUCCESS,/baja-ringan/harga-pasang-atap-baja-ringan-di-jambe-tangerang/,"revised"
SUCCESS,/baja-ringan/harga-pasang-atap-baja-ringan-di-jati-padang-jakarta/,"revised"
FAILED,/baja-ringan/harga-pasang-atap-baja-ringan-di-jati-pulo-jakarta/,"Revised content too short (8093 vs original 10157 characters)"
FAILED,/baja-ringan/harga-pasang-atap-baja-ringan-di-jatimulya-depok/,"Revised content too short (7846 vs original 9980 characters)"
FAILED,/baja-ringan/harga-pasang-atap-baja-ringan-di-jatisari-karawang/,"Revised content too short (7731 vs original 10023 characters)"
SUCCESS,/baja-ringan/harga-pasang-atap-baja-ringan-di-grogol-jakarta/,"revised"
FAILED,/baja-ringan/harga-pasang-atap-baja-ringan-di-gudang-bogor/,"Revised content too short (6136 vs original 9909 characters)"
FAILED,/baja-ringan/harga-pasang-atap-baja-ringan-di-gunung-batu-bogor/,"Revised content too short (7837 vs original 10093 characters)"
FAILED,/baja-ringan/harga-pasang-atap-baja-ringan-di-gunung-sahari-jakarta/,"Revised content too short (7482 vs original 10208 characters)"
FAILED,/baja-ringan/harga-pasang-atap-baja-ringan-di-gunung-sahari-selatan-jakarta/,"Revised content too short (8046 vs original 10271 characters)"
SUCCESS,/baja-ringan/harga-pasang-atap-baja-ringan-di-gunungkencana-rangkasbitung/,"revised"
FAILED,/baja-ringan/harga-pasang-atap-baja-ringan-di-harjasari-bogor/,"Revised content too short (7499 vs original 10163 characters)"
FAILED,/baja-ringan/harga-pasang-atap-baja-ringan-di-jati-pulo-jakarta/,"Revised content too short (8035 vs original 10157 characters)"
SUCCESS,/baja-ringan/harga-pasang-atap-baja-ringan-di-jatimulya-depok/,"revised"
FAILED,/baja-ringan/harga-pasang-atap-baja-ringan-di-jatisari-karawang/,"Revised content too short (7064 vs original 10023 characters)"
FAILED,/baja-ringan/harga-pasang-atap-baja-ringan-di-jawilan-serang/,"Revised content too short (7590 vs original 9971 characters)"
SUCCESS,/baja-ringan/harga-pasang-atap-baja-ringan-di-jayakerta-karawang/,"revised"
SUCCESS,/baja-ringan/harga-pasang-atap-baja-ringan-di-jayanti-tangerang/,"revised"
FAILED,/baja-ringan/harga-pasang-atap-baja-ringan-di-jelambar-jakarta/,"Revised content too short (7058 vs original 10215 characters)"
SUCCESS,/baja-ringan/harga-pasang-atap-baja-ringan-di-jembatan-besi-jakarta/,"revised"
FAILED,/baja-ringan/harga-pasang-atap-baja-ringan-di-jembatan-lima-jakarta/,"Revised content too short (7725 vs original 10031 characters)"
FAILED,/baja-ringan/harga-pasang-atap-baja-ringan-di-joglo-jakarta/,"Revised content too short (7103 vs original 10151 characters)"
SUCCESS,/baja-ringan/harga-pasang-atap-baja-ringan-di-johar-baru-jakarta/,"revised"
FAILED,/baja-ringan/harga-pasang-atap-baja-ringan-di-kalianyar-jakarta/,"Revised content too short (7959 vs original 10169 characters)"
FAILED,/baja-ringan/harga-pasang-atap-baja-ringan-di-kalibaru-depok/,"Revised content too short (7969 vs original 10021 characters)"
FAILED,/baja-ringan/harga-pasang-atap-baja-ringan-di-jati-pulo-jakarta/,"Revised content too short (7413 vs original 10157 characters)"
FAILED,/baja-ringan/harga-pasang-atap-baja-ringan-di-jatisari-karawang/,"Revised content too short (7289 vs original 10023 characters)"
SUCCESS,/baja-ringan/harga-pasang-atap-baja-ringan-di-jawilan-serang/,"revised"
SUCCESS,/baja-ringan/harga-pasang-atap-baja-ringan-di-jelambar-jakarta/,"revised"
SUCCESS,/baja-ringan/harga-pasang-atap-baja-ringan-di-jembatan-lima-jakarta/,"revised"
SUCCESS,/baja-ringan/harga-pasang-atap-baja-ringan-di-joglo-jakarta/,"revised"
SUCCESS,/baja-ringan/harga-pasang-atap-baja-ringan-di-kalianyar-jakarta/,"revised"
SUCCESS,/baja-ringan/harga-pasang-atap-baja-ringan-di-kalibaru-depok/,"revised"
SUCCESS,/baja-ringan/harga-pasang-atap-baja-ringan-di-kalibaru-jakarta/,"revised"
SUCCESS,/baja-ringan/harga-pasang-atap-baja-ringan-di-kalibata-jakarta/,"revised"
SUCCESS,/baja-ringan/harga-pasang-atap-baja-ringan-di-kalideres-jakarta/,"revised"
SUCCESS,/baja-ringan/harga-pasang-atap-baja-ringan-di-kalimulya-depok/,"revised"
SUCCESS,/baja-ringan/harga-pasang-atap-baja-ringan-di-kalisari-jakarta/,"revised"
SUCCESS,/baja-ringan/harga-pasang-atap-baja-ringan-di-kamal-jakarta/,"revised"
SUCCESS,/baja-ringan/harga-pasang-atap-baja-ringan-di-kamal-muara-jakarta/,"revised"
SUCCESS,/baja-ringan/harga-pasang-atap-baja-ringan-di-kampung-bali-jakarta/,"revised"
SUCCESS,/baja-ringan/harga-pasang-atap-baja-ringan-di-kampung-melayu-jakarta/,"revised"
FAILED,/baja-ringan/harga-pasang-atap-baja-ringan-di-kampung-rawa-jakarta/,"Revised content too short (7809 vs original 10065 characters)"
FAILED,/baja-ringan/harga-pasang-atap-baja-ringan-di-kampung-tengah-jakarta/,"Revised content too short (7462 vs original 10037 characters)"
FAILED,/baja-ringan/harga-pasang-atap-baja-ringan-di-kapuk-jakarta/,"Revised content too short (7816 vs original 9850 characters)"
FAILED,/baja-ringan/harga-pasang-atap-baja-ringan-di-kampung-rawa-jakarta/,"Revised content too short (7208 vs original 10065 characters)"
FAILED,/baja-ringan/harga-pasang-atap-baja-ringan-di-kampung-tengah-jakarta/,"Revised content too short (7924 vs original 10037 characters)"
FAILED,/baja-ringan/harga-pasang-atap-baja-ringan-di-kapuk-jakarta/,"Revised content too short (7725 vs original 9850 characters)"
SUCCESS,/baja-ringan/harga-pasang-atap-baja-ringan-di-kapuk-muara-jakarta/,"revised"
FAILED,/baja-ringan/harga-pasang-atap-baja-ringan-di-karang-anyar-jakarta/,"Revised content too short (7611 vs original 10056 characters)"
SUCCESS,/baja-ringan/harga-pasang-atap-baja-ringan-di-karangtengah-tangerang/,"revised"
SUCCESS,/baja-ringan/harga-pasang-atap-baja-ringan-di-karawang-barat-karawang/,"revised"
FAILED,/baja-ringan/harga-pasang-atap-baja-ringan-di-karawang-timur-karawang/,"Revised content too short (7831 vs original 10084 characters)"
SUCCESS,/baja-ringan/harga-pasang-atap-baja-ringan-di-karet-jakarta/,"revised"
FAILED,/baja-ringan/harga-pasang-atap-baja-ringan-di-karet-kuningan-jakarta/,"Revised content too short (7928 vs original 10063 characters)"
FAILED,/baja-ringan/harga-pasang-atap-baja-ringan-di-karet-semanggi-jakarta/,"Revised content too short (7779 vs original 10074 characters)"
FAILED,/baja-ringan/harga-pasang-atap-baja-ringan-di-karet-tengsin-jakarta/,"Revised content too short (7663 vs original 10058 characters)"
FAILED,/baja-ringan/harga-pasang-atap-baja-ringan-di-kartini-jakarta/,"Revised content too short (7224 vs original 9955 characters)"
FAILED,/baja-ringan/harga-pasang-atap-baja-ringan-di-kayu-manis-jakarta/,"Revised content too short (7496 vs original 10284 characters)"
SUCCESS,/baja-ringan/harga-pasang-atap-baja-ringan-di-kayu-putih-jakarta/,"revised"
FAILED,/baja-ringan/harga-pasang-atap-baja-ringan-di-keagungan-jakarta/,"Revised content too short (6477 vs original 10030 characters)"
SUCCESS,/baja-ringan/harga-pasang-atap-baja-ringan-di-kebagusan-jakarta/,"revised"
SUCCESS,/baja-ringan/harga-pasang-atap-baja-ringan-di-kebayoran-baru-jakarta/,"revised"
FAILED,/baja-ringan/harga-pasang-atap-baja-ringan-di-kebayoran-lama-jakarta/,"Placeholder 0 appears 2x in AI output (should appear exactly 1x) | Placeholder 1 appears 2x in AI output (should appear exactly 1x) | Placeholder 2 appears 2x in AI output (should appear exactly 1x)"
FAILED,/baja-ringan/harga-pasang-atap-baja-ringan-di-kebon-baru-jakarta/,"Revised content too short (6764 vs original 10031 characters)"
SUCCESS,/baja-ringan/harga-pasang-atap-baja-ringan-di-kampung-rawa-jakarta/,"revised"
SUCCESS,/baja-ringan/harga-pasang-atap-baja-ringan-di-kampung-tengah-jakarta/,"revised"
FAILED,/baja-ringan/harga-pasang-atap-baja-ringan-di-kapuk-jakarta/,"Revised content too short (7733 vs original 9850 characters)"
SUCCESS,/baja-ringan/harga-pasang-atap-baja-ringan-di-karang-anyar-jakarta/,"revised"
SUCCESS,/baja-ringan/harga-pasang-atap-baja-ringan-di-karawang-timur-karawang/,"revised"
FAILED,/baja-ringan/harga-pasang-atap-baja-ringan-di-karet-kuningan-jakarta/,"Revised content too short (7804 vs original 10063 characters)"
FAILED,/baja-ringan/harga-pasang-atap-baja-ringan-di-karet-semanggi-jakarta/,"Placeholder 0 appears 2x in AI output (should appear exactly 1x) | Placeholder 2 appears 2x in AI output (should appear exactly 1x)"
SUCCESS,/baja-ringan/harga-pasang-atap-baja-ringan-di-karet-tengsin-jakarta/,"revised"
FAILED,/baja-ringan/harga-pasang-atap-baja-ringan-di-kartini-jakarta/,"Revised content too short (7379 vs original 9955 characters)"
SUCCESS,/baja-ringan/harga-pasang-atap-baja-ringan-di-kayu-manis-jakarta/,"revised"
FAILED,/baja-ringan/harga-pasang-atap-baja-ringan-di-keagungan-jakarta/,"Placeholder 1 appears 2x in AI output (should appear exactly 1x)"
FAILED,/baja-ringan/harga-pasang-atap-baja-ringan-di-kebayoran-lama-jakarta/,"Placeholder 2 appears 2x in AI output (should appear exactly 1x)"
FAILED,/baja-ringan/harga-pasang-atap-baja-ringan-di-kebon-baru-jakarta/,"Revised content too short (7369 vs original 10031 characters)"
FAILED,/baja-ringan/harga-pasang-atap-baja-ringan-di-kebon-bawang-jakarta/,"Revised content too short (7858 vs original 10217 characters)"
FAILED,/baja-ringan/harga-pasang-atap-baja-ringan-di-kebon-jeruk-jakarta/,"Revised content too short (6998 vs original 9845 characters)"
SUCCESS,/baja-ringan/harga-pasang-atap-baja-ringan-di-kebon-kacang-jakarta/,"revised"
SUCCESS,/baja-ringan/harga-pasang-atap-baja-ringan-di-kebon-kelapa-jakarta/,"revised"
SUCCESS,/baja-ringan/harga-pasang-atap-baja-ringan-di-kebon-kosong-jakarta/,"revised"
FAILED,/baja-ringan/harga-pasang-atap-baja-ringan-di-kebon-manggis-jakarta/,"Revised content too short (7553 vs original 10262 characters)"
FAILED,/baja-ringan/harga-pasang-atap-baja-ringan-di-kebon-melati-jakarta/,"Revised content too short (7523 vs original 10195 characters)"
FAILED,/baja-ringan/harga-pasang-atap-baja-ringan-di-kebayoran-lama-jakarta/,"Revised content too short (7628 vs original 10058 characters)"
FAILED,/baja-ringan/harga-pasang-atap-baja-ringan-di-kebon-baru-jakarta/,"Revised content too short (7736 vs original 10031 characters)"
SUCCESS,/baja-ringan/harga-pasang-atap-baja-ringan-di-kebon-bawang-jakarta/,"revised"
SUCCESS,/baja-ringan/harga-pasang-atap-baja-ringan-di-kebon-jeruk-jakarta/,"revised"
SUCCESS,/baja-ringan/harga-pasang-atap-baja-ringan-di-kebon-manggis-jakarta/,"revised"
SUCCESS,/baja-ringan/harga-pasang-atap-baja-ringan-di-kebon-melati-jakarta/,"revised"
SUCCESS,/baja-ringan/harga-pasang-atap-baja-ringan-di-kebonpala-jakarta/,"revised"
SUCCESS,/baja-ringan/harga-pasang-atap-baja-ringan-di-kebonsirih-jakarta/,"revised"
SUCCESS,/baja-ringan/harga-pasang-atap-baja-ringan-di-kecamatan-bogor-tengah/,"revised"
FAILED,/baja-ringan/harga-pasang-atap-baja-ringan-di-kecamatan-bogor-timur/,"Revised content too short (7810 vs original 10178 characters)"
SUCCESS,/baja-ringan/harga-pasang-atap-baja-ringan-di-kecamatan-bogor-utara/,"revised"
FAILED,/baja-ringan/harga-pasang-atap-baja-ringan-di-kecamatan-tanah-sareal-bogor/,"Revised content too short (7890 vs original 10255 characters)"
FAILED,/baja-ringan/harga-pasang-atap-baja-ringan-di-kedoya-jakarta/,"Revised content too short (7820 vs original 10053 characters)"
FAILED,/baja-ringan/harga-pasang-atap-baja-ringan-di-kedung-badak-bogor/,"Revised content too short (7010 vs original 10053 characters)"
FAILED,/baja-ringan/harga-pasang-atap-baja-ringan-di-kedung-jaya-bogor/,"Revised content too short (6921 vs original 9839 characters)"
SUCCESS,/baja-ringan/harga-pasang-atap-baja-ringan-di-kedung-waringin-bogor/,"revised"
SUCCESS,/baja-ringan/harga-pasang-atap-baja-ringan-di-kedungwaringin-bekasi/,"revised"
SUCCESS,/baja-ringan/harga-pasang-atap-baja-ringan-di-kelapa-dua-jakarta/,"revised"
FAILED,/baja-ringan/harga-pasang-atap-baja-ringan-di-kelapa-dua-wetan-jakarta/,"Revised content too short (7917 vs original 10055 characters)"
SUCCESS,/baja-ringan/harga-pasang-atap-baja-ringan-di-kelapa-gading-jakarta/,"revised"
SUCCESS,/baja-ringan/harga-pasang-atap-baja-ringan-di-kecamatan-bogor-timur/,"revised"
SUCCESS,/baja-ringan/harga-pasang-atap-baja-ringan-di-kecamatan-tanah-sareal-bogor/,"revised"
FAILED,/baja-ringan/harga-pasang-atap-baja-ringan-di-kedoya-jakarta/,"Revised content too short (7087 vs original 10053 characters)"
SUCCESS,/baja-ringan/harga-pasang-atap-baja-ringan-di-kedung-badak-bogor/,"revised"
FAILED,/baja-ringan/harga-pasang-atap-baja-ringan-di-kedung-jaya-bogor/,"Revised content too short (6239 vs original 9839 characters)"
SUCCESS,/baja-ringan/harga-pasang-atap-baja-ringan-di-kelapa-dua-wetan-jakarta/,"revised"
FAILED,/baja-ringan/harga-pasang-atap-baja-ringan-di-kemanggisan-jakarta/,"Revised content too short (8000 vs original 10057 characters)"
SUCCESS,/baja-ringan/harga-pasang-atap-baja-ringan-di-kemayoran-jakarta/,"revised"
FAILED,/baja-ringan/harga-pasang-atap-baja-ringan-di-kembangan-barat-jakarta/,"Revised content too short (7377 vs original 10125 characters)"
SUCCESS,/baja-ringan/harga-pasang-atap-baja-ringan-di-kembangan-jakarta/,"revised"
FAILED,/baja-ringan/harga-pasang-atap-baja-ringan-di-kembangan-timur-jakarta/,"Revised content too short (6783 vs original 10047 characters)"
SUCCESS,/baja-ringan/harga-pasang-atap-baja-ringan-di-kemiri-tangerang/,"revised"
FAILED,/baja-ringan/harga-pasang-atap-baja-ringan-di-kenari-jakarta/,"Placeholder 2 appears 2x in AI output (should appear exactly 1x)"
FAILED,/baja-ringan/harga-pasang-atap-baja-ringan-di-kencana-bogor/,"Revised content too short (7680 vs original 10003 characters)"
FAILED,/baja-ringan/harga-pasang-atap-baja-ringan-di-kertamaya-bogor/,"Revised content too short (8121 vs original 10238 characters)"
SUCCESS,/baja-ringan/harga-pasang-atap-baja-ringan-di-kibin-serang/,"revised"
FAILED,/baja-ringan/harga-pasang-atap-baja-ringan-di-klari-karawang/,"Revised content too short (7512 vs original 9973 characters)"
FAILED,/baja-ringan/harga-pasang-atap-baja-ringan-di-klender-jakarta/,"Revised content too short (7811 vs original 9963 characters)"
FAILED,/baja-ringan/harga-pasang-atap-baja-ringan-di-koja-jakarta/,"Revised content too short (7263 vs original 9779 characters)"
SUCCESS,/baja-ringan/harga-pasang-atap-baja-ringan-di-kosambi-tangerang/,"revised"
FAILED,/baja-ringan/harga-pasang-atap-baja-ringan-di-kemanggisan-jakarta/,"Revised content too short (7892 vs original 10057 characters)"
FAILED,/baja-ringan/harga-pasang-atap-baja-ringan-di-kembangan-barat-jakarta/,"Placeholder 2 appears 2x in AI output (should appear exactly 1x)"
FAILED,/baja-ringan/harga-pasang-atap-baja-ringan-di-kembangan-timur-jakarta/,"Revised content too short (7488 vs original 10047 characters)"
FAILED,/baja-ringan/harga-pasang-atap-baja-ringan-di-kenari-jakarta/,"Revised content too short (7970 vs original 10013 characters)"
SUCCESS,/baja-ringan/harga-pasang-atap-baja-ringan-di-kencana-bogor/,"revised"
SUCCESS,/baja-ringan/harga-pasang-atap-baja-ringan-di-kertamaya-bogor/,"revised"
FAILED,/baja-ringan/harga-pasang-atap-baja-ringan-di-klari-karawang/,"Revised content too short (7774 vs original 9973 characters)"
FAILED,/baja-ringan/harga-pasang-atap-baja-ringan-di-klender-jakarta/,"Revised content too short (7184 vs original 9963 characters)"
FAILED,/baja-ringan/harga-pasang-atap-baja-ringan-di-koja-jakarta/,"Revised content too short (7800 vs original 9779 characters)"
FAILED,/baja-ringan/harga-pasang-atap-baja-ringan-di-kota-bambu-jakarta/,"Revised content too short (7455 vs original 10080 characters)"
SUCCESS,/baja-ringan/harga-pasang-atap-baja-ringan-di-kotabaru-karawang/,"revised"
SUCCESS,/baja-ringan/harga-pasang-atap-baja-ringan-di-kragilan-serang/,"revised"
SUCCESS,/baja-ringan/harga-pasang-atap-baja-ringan-di-kramat-jakarta/,"revised"
FAILED,/baja-ringan/harga-pasang-atap-baja-ringan-di-kramat-jati-jakarta/,"Revised content too short (7952 vs original 10059 characters)"
SUCCESS,/baja-ringan/harga-pasang-atap-baja-ringan-di-kramatpela-jakarta/,"revised"
SUCCESS,/baja-ringan/harga-pasang-atap-baja-ringan-di-krendang-jakarta/,"revised"
SUCCESS,/baja-ringan/harga-pasang-atap-baja-ringan-di-kresek-tangerang/,"revised"
SUCCESS,/baja-ringan/harga-pasang-atap-baja-ringan-di-kronjo-tangerang/,"revised"
SUCCESS,/baja-ringan/harga-pasang-atap-baja-ringan-di-krukut-depok/,"revised"
FAILED,/baja-ringan/harga-pasang-atap-baja-ringan-di-krukut-jakarta/,"Revised content too short (6626 vs original 10162 characters)"
FAILED,/baja-ringan/harga-pasang-atap-baja-ringan-di-kota-bambu-jakarta/,"Revised content too short (6888 vs original 10080 characters)"
SUCCESS,/baja-ringan/harga-pasang-atap-baja-ringan-di-kramat-jati-jakarta/,"revised"
SUCCESS,/baja-ringan/harga-pasang-atap-baja-ringan-di-krukut-jakarta/,"revised"
SUCCESS,/baja-ringan/harga-pasang-atap-baja-ringan-di-kukusan-depok/,"revised"
SUCCESS,/baja-ringan/harga-pasang-atap-baja-ringan-di-kuningan-barat-jakarta/,"revised"
FAILED,/baja-ringan/harga-pasang-atap-baja-ringan-di-kuningan-timur-jakarta/,"Revised content too short (7781 vs original 10049 characters)"
FAILED,/baja-ringan/harga-pasang-atap-baja-ringan-di-kwitang-jakarta/,"Revised content too short (7935 vs original 10005 characters)"
SUCCESS,/baja-ringan/harga-pasang-atap-baja-ringan-di-larangan-tangerang/,"revised"
SUCCESS,/baja-ringan/harga-pasang-atap-baja-ringan-di-legok-tangerang/,"revised"
SUCCESS,/baja-ringan/harga-pasang-atap-baja-ringan-di-lenteng-agung-jakarta/,"revised"
FAILED,/baja-ringan/harga-pasang-atap-baja-ringan-di-lubang-buaya-jakarta/,"Revised content too short (7999 vs original 10022 characters)"
SUCCESS,/baja-ringan/harga-pasang-atap-baja-ringan-di-maja-rangkasbitung/,"revised"
FAILED,/baja-ringan/harga-pasang-atap-baja-ringan-di-majalaya-karawang/,"Revised content too short (7398 vs original 9807 characters)"
SUCCESS,/baja-ringan/harga-pasang-atap-baja-ringan-di-malaka-jaya-jakarta/,"revised"
FAILED,/baja-ringan/harga-pasang-atap-baja-ringan-di-malaka-sari-jakarta/,"Revised content too short (7059 vs original 10001 characters)"
FAILED,/baja-ringan/harga-pasang-atap-baja-ringan-di-malingping-rangkasbitung/,"Revised content too short (7561 vs original 10262 characters)"
SUCCESS,/baja-ringan/harga-pasang-atap-baja-ringan-di-mampang-prapatan-jakarta/,"revised"
SUCCESS,/baja-ringan/harga-pasang-atap-baja-ringan-di-mangga-besar-jakarta/,"revised"
SUCCESS,/baja-ringan/harga-pasang-atap-baja-ringan-di-mangga-dua-jakarta/,"revised"
SUCCESS,/baja-ringan/harga-pasang-atap-baja-ringan-di-manggarai-jakarta/,"revised"
